#
# There is insufficient memory for the Java Runtime Environment to continue.
# Native memory allocation (malloc) failed to allocate 1048576 bytes. Error detail: AllocateHeap
# Possible reasons:
#   The system is out of physical RAM or swap space
#   This process is running with CompressedOops enabled, and the Java Heap may be blocking the growth of the native heap
# Possible solutions:
#   Reduce memory load on the system
#   Increase physical memory or swap space
#   Check if swap backing store is full
#   Decrease Java heap size (-Xmx/-Xms)
#   Decrease number of Java threads
#   Decrease Java thread stack sizes (-Xss)
#   Set larger code cache with -XX:ReservedCodeCacheSize=
#   JVM is running with Unscaled Compressed Oops mode in which the Java heap is
#     placed in the first 4GB address space. The Java Heap base address is the
#     maximum limit for the native heap growth. Please use -XX:HeapBaseMinAddress
#     to set the Java Heap base and to place the Java Heap above 4GB virtual address.
# This output file may be truncated or incomplete.
#
#  Out of Memory Error (allocation.cpp:44), pid=12772, tid=16736
#
# JRE version: OpenJDK Runtime Environment Temurin-21.0.10+7 (21.0.10+7) (build 21.0.10+7-LTS)
# Java VM: OpenJDK 64-Bit Server VM Temurin-21.0.10+7 (21.0.10+7-LTS, mixed mode, sharing, tiered, compressed oops, compressed class ptrs, parallel gc, windows-amd64)
# No core dump will be written. Minidumps are not enabled by default on client versions of Windows
#

---------------  S U M M A R Y ------------

Command Line: --add-modules=ALL-SYSTEM --add-opens=java.base/java.util=ALL-UNNAMED --add-opens=java.base/java.lang=ALL-UNNAMED --add-opens=java.base/sun.nio.fs=ALL-UNNAMED -Declipse.application=org.eclipse.jdt.ls.core.id1 -Dosgi.bundles.defaultStartLevel=4 -Declipse.product=org.eclipse.jdt.ls.core.product -Djava.import.generatesMetadataFilesAtProjectRoot=false -DDetectVMInstallationsJob.disabled=true -Dfile.encoding=utf8 -XX:+UseParallelGC -XX:GCTimeRatio=4 -XX:AdaptiveSizePolicyWeight=90 -Dsun.zip.disableMemoryMapping=true -Xmx2G -Xms100m -Xlog:disable -javaagent:c:\Users\dinhl\.vscode\extensions\redhat.java-1.53.0-win32-x64\lombok\lombok-1.18.39-4050.jar -XX:+HeapDumpOnOutOfMemoryError -XX:HeapDumpPath=c:\Users\dinhl\AppData\Roaming\Code\User\workspaceStorage\52f2aa45679ab40b707067a322ce5f6c\redhat.java -Daether.dependencyCollector.impl=bf c:\Users\dinhl\.vscode\extensions\redhat.java-1.53.0-win32-x64\server\plugins\org.eclipse.equinox.launcher_1.7.100.v20251111-0406.jar -configuration c:\Users\dinhl\AppData\Roaming\Code\User\globalStorage\redhat.java\1.53.0\config_win -data c:\Users\dinhl\AppData\Roaming\Code\User\workspaceStorage\52f2aa45679ab40b707067a322ce5f6c\redhat.java\jdt_ws --pipe=\\.\pipe\lsp-14d3f1b295fbaf22b6c27b07b1cfd530-sock

Host: AMD Ryzen 7 5700U with Radeon Graphics         , 16 cores, 5G,  Windows 10 , 64 bit Build 19041 (10.0.19041.5915)
Time: Wed Apr  8 02:05:41 2026 SE Asia Standard Time elapsed time: 11732.866452 seconds (0d 3h 15m 32s)

---------------  T H R E A D  ---------------

Current thread (0x00000201e3196010):  JavaThread "Attach Listener" daemon [_thread_in_vm, id=16736, stack(0x0000005bcb500000,0x0000005bcb600000) (1024K)]

Stack: [0x0000005bcb500000,0x0000005bcb600000]
Native frames: (J=compiled Java code, j=interpreted, Vv=VM code, C=native code)
V  [jvm.dll+0x6d7a39]
V  [jvm.dll+0x8b4b26]
V  [jvm.dll+0x8b70de]
V  [jvm.dll+0x8b77c3]
V  [jvm.dll+0x284346]
V  [jvm.dll+0xc1277]
V  [jvm.dll+0x6d82e9]
V  [jvm.dll+0x1334a6]
V  [jvm.dll+0x3f857e]
V  [jvm.dll+0x85f59d]
V  [jvm.dll+0x6d626d]
C  [ucrtbase.dll+0x21bb2]
C  [KERNEL32.DLL+0x17374]
C  [ntdll.dll+0x4cc91]


---------------  P R O C E S S  ---------------

Threads class SMR info:
_java_thread_list=0x00000201f7ecd4d0, length=43, elements={
0x00000201ca4d5bd0, 0x00000201e3191f10, 0x00000201e31934c0, 0x00000201e3195050,
0x00000201e3196010, 0x00000201e3197ad0, 0x00000201e319e650, 0x00000201e47815a0,
0x00000201e47826f0, 0x00000201e497cf80, 0x00000201e4ae6650, 0x00000201ea8daf60,
0x00000201ea8d8ac0, 0x00000201ea7013c0, 0x00000201e4a30410, 0x00000201ea0a0d20,
0x00000201ea30c8c0, 0x00000201e4903780, 0x00000201ea427420, 0x00000201ea426700,
0x00000201ea426070, 0x00000201eb68f5f0, 0x00000201eb68fc80, 0x00000201eb68adc0,
0x00000201eb68e8d0, 0x00000201eb68c800, 0x00000201eb68dbb0, 0x00000201eb68ce90,
0x00000201eb6909a0, 0x00000201eb68a730, 0x00000201eb68d520, 0x00000201eb691030,
0x00000201eb690310, 0x00000201eb68e240, 0x00000201eb68b450, 0x00000201eb68a0a0,
0x00000201eb6916c0, 0x00000201eb68bae0, 0x00000201eb68c170, 0x00000201eb68ef60,
0x00000201f892ae40, 0x00000201ed3bf740, 0x00000201ed3c0460
}

Java Threads: ( => current thread )
  0x00000201ca4d5bd0 JavaThread "main"                              [_thread_blocked, id=20156, stack(0x0000005bcae00000,0x0000005bcaf00000) (1024K)]
  0x00000201e3191f10 JavaThread "Reference Handler"          daemon [_thread_blocked, id=5432, stack(0x0000005bcb200000,0x0000005bcb300000) (1024K)]
  0x00000201e31934c0 JavaThread "Finalizer"                  daemon [_thread_blocked, id=21840, stack(0x0000005bcb300000,0x0000005bcb400000) (1024K)]
  0x00000201e3195050 JavaThread "Signal Dispatcher"          daemon [_thread_blocked, id=13920, stack(0x0000005bcb400000,0x0000005bcb500000) (1024K)]
=>0x00000201e3196010 JavaThread "Attach Listener"            daemon [_thread_in_vm, id=16736, stack(0x0000005bcb500000,0x0000005bcb600000) (1024K)]
  0x00000201e3197ad0 JavaThread "Service Thread"             daemon [_thread_blocked, id=13292, stack(0x0000005bcb600000,0x0000005bcb700000) (1024K)]
  0x00000201e319e650 JavaThread "Monitor Deflation Thread"   daemon [_thread_blocked, id=13024, stack(0x0000005bcb700000,0x0000005bcb800000) (1024K)]
  0x00000201e47815a0 JavaThread "C2 CompilerThread0"         daemon [_thread_blocked, id=17056, stack(0x0000005bcb800000,0x0000005bcb900000) (1024K)]
  0x00000201e47826f0 JavaThread "C1 CompilerThread0"         daemon [_thread_blocked, id=3308, stack(0x0000005bcb900000,0x0000005bcba00000) (1024K)]
  0x00000201e497cf80 JavaThread "Common-Cleaner"             daemon [_thread_blocked, id=18784, stack(0x0000005bcbb00000,0x0000005bcbc00000) (1024K)]
  0x00000201e4ae6650 JavaThread "Notification Thread"        daemon [_thread_blocked, id=23508, stack(0x0000005bcbc00000,0x0000005bcbd00000) (1024K)]
  0x00000201ea8daf60 JavaThread "Active Thread: Equinox Container: 650a1060-a5c7-47ce-b9dd-013fdb489a3b"        [_thread_blocked, id=11512, stack(0x0000005bcc300000,0x0000005bcc400000) (1024K)]
  0x00000201ea8d8ac0 JavaThread "Refresh Thread: Equinox Container: 650a1060-a5c7-47ce-b9dd-013fdb489a3b" daemon [_thread_blocked, id=17492, stack(0x0000005bcc400000,0x0000005bcc500000) (1024K)]
  0x00000201ea7013c0 JavaThread "Framework Event Dispatcher: Equinox Container: 650a1060-a5c7-47ce-b9dd-013fdb489a3b" daemon [_thread_blocked, id=16316, stack(0x0000005bcc500000,0x0000005bcc600000) (1024K)]
  0x00000201e4a30410 JavaThread "Start Level: Equinox Container: 650a1060-a5c7-47ce-b9dd-013fdb489a3b" daemon [_thread_blocked, id=21864, stack(0x0000005bcc600000,0x0000005bcc700000) (1024K)]
  0x00000201ea0a0d20 JavaThread "Bundle File Closer"         daemon [_thread_blocked, id=11388, stack(0x0000005bcca00000,0x0000005bccb00000) (1024K)]
  0x00000201ea30c8c0 JavaThread "SCR Component Actor"        daemon [_thread_blocked, id=6304, stack(0x0000005bccb00000,0x0000005bccc00000) (1024K)]
  0x00000201e4903780 JavaThread "Worker-JM"                         [_thread_blocked, id=12160, stack(0x0000005bccd00000,0x0000005bcce00000) (1024K)]
  0x00000201ea427420 JavaThread "JNA Cleaner"                daemon [_thread_blocked, id=9600, stack(0x0000005bcd000000,0x0000005bcd100000) (1024K)]
  0x00000201ea426700 JavaThread "Java indexing"              daemon [_thread_blocked, id=14008, stack(0x0000005bcd300000,0x0000005bcd400000) (1024K)]
  0x00000201ea426070 JavaThread "Thread-1"                   daemon [_thread_in_native, id=19148, stack(0x0000005bcd700000,0x0000005bcd800000) (1024K)]
  0x00000201eb68f5f0 JavaThread "Thread-2"                   daemon [_thread_in_native, id=5064, stack(0x0000005bcd800000,0x0000005bcd900000) (1024K)]
  0x00000201eb68fc80 JavaThread "Thread-3"                   daemon [_thread_in_native, id=10420, stack(0x0000005bcd900000,0x0000005bcda00000) (1024K)]
  0x00000201eb68adc0 JavaThread "Thread-4"                   daemon [_thread_in_native, id=19268, stack(0x0000005bcda00000,0x0000005bcdb00000) (1024K)]
  0x00000201eb68e8d0 JavaThread "Thread-5"                   daemon [_thread_in_native, id=17140, stack(0x0000005bcdb00000,0x0000005bcdc00000) (1024K)]
  0x00000201eb68c800 JavaThread "Thread-6"                   daemon [_thread_in_native, id=14612, stack(0x0000005bcdc00000,0x0000005bcdd00000) (1024K)]
  0x00000201eb68dbb0 JavaThread "Thread-7"                   daemon [_thread_in_native, id=21528, stack(0x0000005bcdd00000,0x0000005bcde00000) (1024K)]
  0x00000201eb68ce90 JavaThread "Thread-8"                   daemon [_thread_in_native, id=19948, stack(0x0000005bcde00000,0x0000005bcdf00000) (1024K)]
  0x00000201eb6909a0 JavaThread "Thread-9"                   daemon [_thread_in_native, id=12272, stack(0x0000005bcdf00000,0x0000005bce000000) (1024K)]
  0x00000201eb68a730 JavaThread "Thread-10"                  daemon [_thread_in_native, id=18700, stack(0x0000005bce000000,0x0000005bce100000) (1024K)]
  0x00000201eb68d520 JavaThread "Thread-11"                  daemon [_thread_in_native, id=19420, stack(0x0000005bce100000,0x0000005bce200000) (1024K)]
  0x00000201eb691030 JavaThread "Thread-12"                  daemon [_thread_in_native, id=8480, stack(0x0000005bce200000,0x0000005bce300000) (1024K)]
  0x00000201eb690310 JavaThread "Thread-13"                  daemon [_thread_in_native, id=8856, stack(0x0000005bce300000,0x0000005bce400000) (1024K)]
  0x00000201eb68e240 JavaThread "Thread-14"                  daemon [_thread_in_native, id=17856, stack(0x0000005bce400000,0x0000005bce500000) (1024K)]
  0x00000201eb68b450 JavaThread "Thread-15"                  daemon [_thread_in_native, id=23096, stack(0x0000005bce500000,0x0000005bce600000) (1024K)]
  0x00000201eb68a0a0 JavaThread "Thread-16"                  daemon [_thread_in_native, id=2292, stack(0x0000005bce600000,0x0000005bce700000) (1024K)]
  0x00000201eb6916c0 JavaThread "Thread-17"                  daemon [_thread_in_native, id=2864, stack(0x0000005bce700000,0x0000005bce800000) (1024K)]
  0x00000201eb68bae0 JavaThread "pool-2-thread-1"                   [_thread_blocked, id=19768, stack(0x0000005bce800000,0x0000005bce900000) (1024K)]
  0x00000201eb68c170 JavaThread "WorkspaceEventsHandler"            [_thread_blocked, id=21848, stack(0x0000005bce900000,0x0000005bcea00000) (1024K)]
  0x00000201eb68ef60 JavaThread "pool-1-thread-1"                   [_thread_blocked, id=16012, stack(0x0000005bcea00000,0x0000005bceb00000) (1024K)]
  0x00000201f892ae40 JavaThread "Cleaner-0"                  daemon [_thread_blocked, id=21188, stack(0x0000005bcee00000,0x0000005bcef00000) (1024K)]
  0x00000201ed3bf740 JavaThread "Worker-20"                         [_thread_blocked, id=13912, stack(0x0000005bcd400000,0x0000005bcd500000) (1024K)]
  0x00000201ed3c0460 JavaThread "Worker-22"                         [_thread_blocked, id=21364, stack(0x0000005bcd600000,0x0000005bcd700000) (1024K)]
Total: 43

Other Threads:
  0x00000201cc7a09d0 VMThread "VM Thread"                           [id=2360, stack(0x0000005bcb100000,0x0000005bcb200000) (1024K)]
  0x00000201cc74cde0 WatcherThread "VM Periodic Task Thread"        [id=16888, stack(0x0000005bcb000000,0x0000005bcb100000) (1024K)]
  0x00000201cc700360 WorkerThread "GC Thread#0"                     [id=10884, stack(0x0000005bcaf00000,0x0000005bcb000000) (1024K)]
  0x00000201ea3242d0 WorkerThread "GC Thread#1"                     [id=15488, stack(0x0000005bcbd00000,0x0000005bcbe00000) (1024K)]
  0x00000201ea377b50 WorkerThread "GC Thread#2"                     [id=8496, stack(0x0000005bcbe00000,0x0000005bcbf00000) (1024K)]
  0x00000201ea377f00 WorkerThread "GC Thread#3"                     [id=16672, stack(0x0000005bcbf00000,0x0000005bcc000000) (1024K)]
  0x00000201ea3782b0 WorkerThread "GC Thread#4"                     [id=19832, stack(0x0000005bcc000000,0x0000005bcc100000) (1024K)]
  0x00000201ea378ab0 WorkerThread "GC Thread#5"                     [id=15612, stack(0x0000005bcc100000,0x0000005bcc200000) (1024K)]
  0x00000201ea378e60 WorkerThread "GC Thread#6"                     [id=22532, stack(0x0000005bcc200000,0x0000005bcc300000) (1024K)]
  0x00000201ea379d20 WorkerThread "GC Thread#7"                     [id=13260, stack(0x0000005bcba00000,0x0000005bcbb00000) (1024K)]
  0x00000201ea37a0d0 WorkerThread "GC Thread#8"                     [id=12756, stack(0x0000005bcc700000,0x0000005bcc800000) (1024K)]
  0x00000201ea3795c0 WorkerThread "GC Thread#9"                     [id=6428, stack(0x0000005bcc800000,0x0000005bcc900000) (1024K)]
  0x00000201ea37a480 WorkerThread "GC Thread#10"                    [id=9056, stack(0x0000005bcc900000,0x0000005bcca00000) (1024K)]
  0x00000201ea466fe0 WorkerThread "GC Thread#11"                    [id=17456, stack(0x0000005bcce00000,0x0000005bccf00000) (1024K)]
  0x00000201ea467390 WorkerThread "GC Thread#12"                    [id=5956, stack(0x0000005bccf00000,0x0000005bcd000000) (1024K)]
Total: 15

Threads with active compile tasks:
Total: 0

VM state: not at safepoint (normal execution)

VM Mutex/Monitor currently owned by a thread: None

Heap address: 0x0000000080000000, size: 2048 MB, Compressed Oops mode: 32-bit

CDS archive(s) mapped at: [0x0000020180000000-0x0000020180ba0000-0x0000020180ba0000), size 12189696, SharedBaseAddress: 0x0000020180000000, ArchiveRelocationMode: 1.
Compressed class space mapped at: 0x0000020181000000-0x00000201c1000000, reserved size: 1073741824
Narrow klass base: 0x0000020180000000, Narrow klass shift: 0, Narrow klass range: 0x100000000

GC Precious Log:
 CardTable entry size: 512
 CPUs: 16 total, 16 available
 Memory: 5966M
 Large Page Support: Disabled
 NUMA Support: Disabled
 Compressed Oops: Enabled (32-bit)
 Alignments: Space 512K, Generation 512K, Heap 2M
 Heap Min Capacity: 100M
 Heap Initial Capacity: 100M
 Heap Max Capacity: 2G
 Pre-touch: Disabled
 Parallel Workers: 13

Heap:
 PSYoungGen      total 5120K, used 4394K [0x00000000d5580000, 0x00000000d5b80000, 0x0000000100000000)
  eden space 4096K, 88% used [0x00000000d5580000,0x00000000d590eab0,0x00000000d5980000)
  from space 1024K, 73% used [0x00000000d5980000,0x00000000d5a3c010,0x00000000d5a80000)
  to   space 1024K, 0% used [0x00000000d5a80000,0x00000000d5a80000,0x00000000d5b80000)
 ParOldGen       total 668672K, used 668485K [0x0000000080000000, 0x00000000a8d00000, 0x00000000d5580000)
  object space 668672K, 99% used [0x0000000080000000,0x00000000a8cd16f8,0x00000000a8d00000)
 Metaspace       used 79058K, committed 80704K, reserved 1179648K
  class space    used 7859K, committed 8640K, reserved 1048576K

Card table byte_map: [0x00000201cc0a0000,0x00000201cc4b0000] _byte_map_base: 0x00000201cbca0000

Marking Bits: (ParMarkBitMap*) 0x00007ffdb0df3450
 Begin Bits: [0x00000201deba0000, 0x00000201e0ba0000)
 End Bits:   [0x00000201e0ba0000, 0x00000201e2ba0000)

Polling page: 0x00000201ca480000

Metaspace:

Usage:
  Non-class:     69.53 MB used.
      Class:      7.67 MB used.
       Both:     77.21 MB used.

Virtual space:
  Non-class space:      128.00 MB reserved,      70.38 MB ( 55%) committed,  2 nodes.
      Class space:        1.00 GB reserved,       8.44 MB ( <1%) committed,  1 nodes.
             Both:        1.12 GB reserved,      78.81 MB (  7%) committed. 

Chunk freelists:
   Non-Class:  9.16 MB
       Class:  7.49 MB
        Both:  16.64 MB

MaxMetaspaceSize: unlimited
CompressedClassSpaceSize: 1.00 GB
Initial GC threshold: 21.00 MB
Current GC threshold: 127.19 MB
CDS: on
 - commit_granule_bytes: 65536.
 - commit_granule_words: 8192.
 - virtual_space_node_default_size: 8388608.
 - enlarge_chunks_in_place: 1.
 - use_allocation_guard: 0.


Internal statistics:

num_allocs_failed_limit: 9.
num_arena_births: 1734.
num_arena_deaths: 416.
num_vsnodes_births: 3.
num_vsnodes_deaths: 0.
num_space_committed: 1261.
num_space_uncommitted: 0.
num_chunks_returned_to_freelist: 519.
num_chunks_taken_from_freelist: 5936.
num_chunk_merges: 164.
num_chunk_splits: 3377.
num_chunks_enlarged: 1844.
num_inconsistent_stats: 0.

CodeHeap 'non-profiled nmethods': size=119168Kb used=14738Kb max_used=14738Kb free=104429Kb
 bounds [0x00000201d7490000, 0x00000201d8300000, 0x00000201de8f0000]
CodeHeap 'profiled nmethods': size=119104Kb used=48510Kb max_used=48510Kb free=70593Kb
 bounds [0x00000201cf8f0000, 0x00000201d2850000, 0x00000201d6d40000]
CodeHeap 'non-nmethods': size=7488Kb used=1478Kb max_used=2650Kb free=6009Kb
 bounds [0x00000201d6d40000, 0x00000201d6ff0000, 0x00000201d7490000]
CodeCache: size=245760Kb, used=64726Kb, max_used=65898Kb, free=181031Kb
 total_blobs=21456, nmethods=20660, adapters=699, full_count=0
Compilation: enabled, stopped_count=0, restarted_count=0

Compilation events (20 events):
Event: 9237.117 Thread 0x00000201e47826f0 22603   !   3       jdk.internal.ref.PhantomCleanable::isListEmpty (34 bytes)
Event: 9237.136 Thread 0x00000201e47826f0 nmethod 22603 0x00000201d2848110 code [0x00000201d28482c0, 0x00000201d2848518]
Event: 9237.138 Thread 0x00000201e47826f0 22604       3       jdk.internal.misc.InnocuousThread::eraseThreadLocals (23 bytes)
Event: 9237.152 Thread 0x00000201e47826f0 nmethod 22604 0x00000201d2848610 code [0x00000201d28487a0, 0x00000201d2848908]
Event: 9561.444 Thread 0x00000201e47826f0 22605       3       java.util.concurrent.ThreadPoolExecutor$Worker::unlock (7 bytes)
Event: 9561.453 Thread 0x00000201e47826f0 nmethod 22605 0x00000201d2848990 code [0x00000201d2848b60, 0x00000201d2848db8]
Event: 9891.718 Thread 0x00000201e47826f0 22606       3       java.util.concurrent.ThreadPoolExecutor$Worker::tryAcquire (20 bytes)
Event: 9891.722 Thread 0x00000201e47826f0 nmethod 22606 0x00000201d2848f10 code [0x00000201d28490c0, 0x00000201d28492c8]
Event: 10242.010 Thread 0x00000201e47826f0 22607       3       java.util.concurrent.ThreadPoolExecutor$Worker::lock (6 bytes)
Event: 10242.010 Thread 0x00000201e47826f0 nmethod 22607 0x00000201d2849390 code [0x00000201d2849540, 0x00000201d2849680]
Event: 10402.153 Thread 0x00000201e47826f0 22608   !   3       java.util.concurrent.ThreadPoolExecutor::getTask (177 bytes)
Event: 10402.238 Thread 0x00000201e47826f0 nmethod 22608 0x00000201d2849710 code [0x00000201d28499c0, 0x00000201d284a7f0]
Event: 11042.715 Thread 0x00000201e47815a0 22609       4       java.util.concurrent.ThreadPoolExecutor::beforeExecute (1 bytes)
Event: 11042.721 Thread 0x00000201e47815a0 nmethod 22609 0x00000201d82f4590 code [0x00000201d82f4720, 0x00000201d82f47a8]
Event: 11182.823 Thread 0x00000201e47815a0 22610       4       java.util.concurrent.ThreadPoolExecutor::afterExecute (1 bytes)
Event: 11182.823 Thread 0x00000201e47815a0 nmethod 22610 0x00000201d82f4890 code [0x00000201d82f4a20, 0x00000201d82f4aa8]
Event: 11528.827 Thread 0x00000201e47826f0 22611   !   3       org.eclipse.osgi.storage.Storage::save (62 bytes)
Event: 11528.873 Thread 0x00000201e47826f0 nmethod 22611 0x00000201d284ac90 code [0x00000201d284ae60, 0x00000201d284b1b0]
Event: 11528.873 Thread 0x00000201e47826f0 22612   !   3       org.eclipse.osgi.storage.Storage::save0 (246 bytes)
Event: 11528.935 Thread 0x00000201e47826f0 nmethod 22612 0x00000201d284b390 code [0x00000201d284b8a0, 0x00000201d284e488]

GC Heap History (20 events):
Event: 5630.585 GC heap before
{Heap before GC invocations=1066 (full 4):
 PSYoungGen      total 5120K, used 5038K [0x00000000d5580000, 0x00000000d5b80000, 0x0000000100000000)
  eden space 4096K, 99% used [0x00000000d5580000,0x00000000d597b9a8,0x00000000d5980000)
  from space 1024K, 93% used [0x00000000d5980000,0x00000000d5a70020,0x00000000d5a80000)
  to   space 1024K, 0% used [0x00000000d5a80000,0x00000000d5a80000,0x00000000d5b80000)
 ParOldGen       total 664576K, used 664158K [0x0000000080000000, 0x00000000a8900000, 0x00000000d5580000)
  object space 664576K, 99% used [0x0000000080000000,0x00000000a88978a8,0x00000000a8900000)
 Metaspace       used 78982K, committed 80640K, reserved 1179648K
  class space    used 7859K, committed 8640K, reserved 1048576K
}
Event: 5630.590 GC heap after
{Heap after GC invocations=1066 (full 4):
 PSYoungGen      total 5120K, used 410K [0x00000000d5580000, 0x00000000d5b80000, 0x0000000100000000)
  eden space 4096K, 0% used [0x00000000d5580000,0x00000000d5580000,0x00000000d5980000)
  from space 1024K, 40% used [0x00000000d5a80000,0x00000000d5ae6900,0x00000000d5b80000)
  to   space 1024K, 0% used [0x00000000d5980000,0x00000000d5980000,0x00000000d5a80000)
 ParOldGen       total 665088K, used 664914K [0x0000000080000000, 0x00000000a8980000, 0x00000000d5580000)
  object space 665088K, 99% used [0x0000000080000000,0x00000000a8954b58,0x00000000a8980000)
 Metaspace       used 78982K, committed 80640K, reserved 1179648K
  class space    used 7859K, committed 8640K, reserved 1048576K
}
Event: 5634.776 GC heap before
{Heap before GC invocations=1067 (full 4):
 PSYoungGen      total 5120K, used 4504K [0x00000000d5580000, 0x00000000d5b80000, 0x0000000100000000)
  eden space 4096K, 99% used [0x00000000d5580000,0x00000000d597f8d0,0x00000000d5980000)
  from space 1024K, 40% used [0x00000000d5a80000,0x00000000d5ae6900,0x00000000d5b80000)
  to   space 1024K, 0% used [0x00000000d5980000,0x00000000d5980000,0x00000000d5a80000)
 ParOldGen       total 665088K, used 664914K [0x0000000080000000, 0x00000000a8980000, 0x00000000d5580000)
  object space 665088K, 99% used [0x0000000080000000,0x00000000a8954b58,0x00000000a8980000)
 Metaspace       used 78996K, committed 80640K, reserved 1179648K
  class space    used 7859K, committed 8640K, reserved 1048576K
}
Event: 5634.784 GC heap after
{Heap after GC invocations=1067 (full 4):
 PSYoungGen      total 5120K, used 288K [0x00000000d5580000, 0x00000000d5b00000, 0x0000000100000000)
  eden space 4096K, 0% used [0x00000000d5580000,0x00000000d5580000,0x00000000d5980000)
  from space 1024K, 28% used [0x00000000d5980000,0x00000000d59c8000,0x00000000d5a80000)
  to   space 512K, 0% used [0x00000000d5a80000,0x00000000d5a80000,0x00000000d5b00000)
 ParOldGen       total 665088K, used 665026K [0x0000000080000000, 0x00000000a8980000, 0x00000000d5580000)
  object space 665088K, 99% used [0x0000000080000000,0x00000000a8970b58,0x00000000a8980000)
 Metaspace       used 78996K, committed 80640K, reserved 1179648K
  class space    used 7859K, committed 8640K, reserved 1048576K
}
Event: 5635.060 GC heap before
{Heap before GC invocations=1068 (full 4):
 PSYoungGen      total 5120K, used 4384K [0x00000000d5580000, 0x00000000d5b00000, 0x0000000100000000)
  eden space 4096K, 100% used [0x00000000d5580000,0x00000000d5980000,0x00000000d5980000)
  from space 1024K, 28% used [0x00000000d5980000,0x00000000d59c8000,0x00000000d5a80000)
  to   space 512K, 0% used [0x00000000d5a80000,0x00000000d5a80000,0x00000000d5b00000)
 ParOldGen       total 665088K, used 665026K [0x0000000080000000, 0x00000000a8980000, 0x00000000d5580000)
  object space 665088K, 99% used [0x0000000080000000,0x00000000a8970b58,0x00000000a8980000)
 Metaspace       used 78996K, committed 80640K, reserved 1179648K
  class space    used 7859K, committed 8640K, reserved 1048576K
}
Event: 5635.070 GC heap after
{Heap after GC invocations=1068 (full 4):
 PSYoungGen      total 4608K, used 490K [0x00000000d5580000, 0x00000000d5b80000, 0x0000000100000000)
  eden space 4096K, 0% used [0x00000000d5580000,0x00000000d5580000,0x00000000d5980000)
  from space 512K, 95% used [0x00000000d5a80000,0x00000000d5afa910,0x00000000d5b00000)
  to   space 1024K, 0% used [0x00000000d5980000,0x00000000d5980000,0x00000000d5a80000)
 ParOldGen       total 665600K, used 665090K [0x0000000080000000, 0x00000000a8a00000, 0x00000000d5580000)
  object space 665600K, 99% used [0x0000000080000000,0x00000000a8980b58,0x00000000a8a00000)
 Metaspace       used 78996K, committed 80640K, reserved 1179648K
  class space    used 7859K, committed 8640K, reserved 1048576K
}
Event: 5635.568 GC heap before
{Heap before GC invocations=1069 (full 4):
 PSYoungGen      total 4608K, used 4586K [0x00000000d5580000, 0x00000000d5b80000, 0x0000000100000000)
  eden space 4096K, 100% used [0x00000000d5580000,0x00000000d5980000,0x00000000d5980000)
  from space 512K, 95% used [0x00000000d5a80000,0x00000000d5afa910,0x00000000d5b00000)
  to   space 1024K, 0% used [0x00000000d5980000,0x00000000d5980000,0x00000000d5a80000)
 ParOldGen       total 665600K, used 665090K [0x0000000080000000, 0x00000000a8a00000, 0x00000000d5580000)
  object space 665600K, 99% used [0x0000000080000000,0x00000000a8980b58,0x00000000a8a00000)
 Metaspace       used 78996K, committed 80640K, reserved 1179648K
  class space    used 7859K, committed 8640K, reserved 1048576K
}
Event: 5635.579 GC heap after
{Heap after GC invocations=1069 (full 4):
 PSYoungGen      total 5120K, used 640K [0x00000000d5580000, 0x00000000d5b80000, 0x0000000100000000)
  eden space 4096K, 0% used [0x00000000d5580000,0x00000000d5580000,0x00000000d5980000)
  from space 1024K, 62% used [0x00000000d5980000,0x00000000d5a20000,0x00000000d5a80000)
  to   space 1024K, 0% used [0x00000000d5a80000,0x00000000d5a80000,0x00000000d5b80000)
 ParOldGen       total 665600K, used 665502K [0x0000000080000000, 0x00000000a8a00000, 0x00000000d5580000)
  object space 665600K, 99% used [0x0000000080000000,0x00000000a89e7908,0x00000000a8a00000)
 Metaspace       used 78996K, committed 80640K, reserved 1179648K
  class space    used 7859K, committed 8640K, reserved 1048576K
}
Event: 5636.176 GC heap before
{Heap before GC invocations=1070 (full 4):
 PSYoungGen      total 5120K, used 4736K [0x00000000d5580000, 0x00000000d5b80000, 0x0000000100000000)
  eden space 4096K, 100% used [0x00000000d5580000,0x00000000d5980000,0x00000000d5980000)
  from space 1024K, 62% used [0x00000000d5980000,0x00000000d5a20000,0x00000000d5a80000)
  to   space 1024K, 0% used [0x00000000d5a80000,0x00000000d5a80000,0x00000000d5b80000)
 ParOldGen       total 665600K, used 665502K [0x0000000080000000, 0x00000000a8a00000, 0x00000000d5580000)
  object space 665600K, 99% used [0x0000000080000000,0x00000000a89e7908,0x00000000a8a00000)
 Metaspace       used 79000K, committed 80640K, reserved 1179648K
  class space    used 7859K, committed 8640K, reserved 1048576K
}
Event: 5636.181 GC heap after
{Heap after GC invocations=1070 (full 4):
 PSYoungGen      total 5120K, used 932K [0x00000000d5580000, 0x00000000d5b80000, 0x0000000100000000)
  eden space 4096K, 0% used [0x00000000d5580000,0x00000000d5580000,0x00000000d5980000)
  from space 1024K, 91% used [0x00000000d5a80000,0x00000000d5b69210,0x00000000d5b80000)
  to   space 1024K, 0% used [0x00000000d5980000,0x00000000d5980000,0x00000000d5a80000)
 ParOldGen       total 666112K, used 665994K [0x0000000080000000, 0x00000000a8a80000, 0x00000000d5580000)
  object space 666112K, 99% used [0x0000000080000000,0x00000000a8a62918,0x00000000a8a80000)
 Metaspace       used 79000K, committed 80640K, reserved 1179648K
  class space    used 7859K, committed 8640K, reserved 1048576K
}
Event: 5636.222 GC heap before
{Heap before GC invocations=1071 (full 4):
 PSYoungGen      total 5120K, used 5028K [0x00000000d5580000, 0x00000000d5b80000, 0x0000000100000000)
  eden space 4096K, 100% used [0x00000000d5580000,0x00000000d5980000,0x00000000d5980000)
  from space 1024K, 91% used [0x00000000d5a80000,0x00000000d5b69210,0x00000000d5b80000)
  to   space 1024K, 0% used [0x00000000d5980000,0x00000000d5980000,0x00000000d5a80000)
 ParOldGen       total 666112K, used 665994K [0x0000000080000000, 0x00000000a8a80000, 0x00000000d5580000)
  object space 666112K, 99% used [0x0000000080000000,0x00000000a8a62918,0x00000000a8a80000)
 Metaspace       used 79000K, committed 80640K, reserved 1179648K
  class space    used 7859K, committed 8640K, reserved 1048576K
}
Event: 5636.227 GC heap after
{Heap after GC invocations=1071 (full 4):
 PSYoungGen      total 5120K, used 800K [0x00000000d5580000, 0x00000000d5b80000, 0x0000000100000000)
  eden space 4096K, 0% used [0x00000000d5580000,0x00000000d5580000,0x00000000d5980000)
  from space 1024K, 78% used [0x00000000d5980000,0x00000000d5a48000,0x00000000d5a80000)
  to   space 1024K, 0% used [0x00000000d5a80000,0x00000000d5a80000,0x00000000d5b80000)
 ParOldGen       total 667136K, used 666785K [0x0000000080000000, 0x00000000a8b80000, 0x00000000d5580000)
  object space 667136K, 99% used [0x0000000080000000,0x00000000a8b285c8,0x00000000a8b80000)
 Metaspace       used 79000K, committed 80640K, reserved 1179648K
  class space    used 7859K, committed 8640K, reserved 1048576K
}
Event: 5636.608 GC heap before
{Heap before GC invocations=1072 (full 4):
 PSYoungGen      total 5120K, used 4895K [0x00000000d5580000, 0x00000000d5b80000, 0x0000000100000000)
  eden space 4096K, 99% used [0x00000000d5580000,0x00000000d597ff98,0x00000000d5980000)
  from space 1024K, 78% used [0x00000000d5980000,0x00000000d5a48000,0x00000000d5a80000)
  to   space 1024K, 0% used [0x00000000d5a80000,0x00000000d5a80000,0x00000000d5b80000)
 ParOldGen       total 667136K, used 666785K [0x0000000080000000, 0x00000000a8b80000, 0x00000000d5580000)
  object space 667136K, 99% used [0x0000000080000000,0x00000000a8b285c8,0x00000000a8b80000)
 Metaspace       used 79014K, committed 80640K, reserved 1179648K
  class space    used 7859K, committed 8640K, reserved 1048576K
}
Event: 5636.613 GC heap after
{Heap after GC invocations=1072 (full 4):
 PSYoungGen      total 5120K, used 928K [0x00000000d5580000, 0x00000000d5b80000, 0x0000000100000000)
  eden space 4096K, 0% used [0x00000000d5580000,0x00000000d5580000,0x00000000d5980000)
  from space 1024K, 90% used [0x00000000d5a80000,0x00000000d5b68000,0x00000000d5b80000)
  to   space 1024K, 0% used [0x00000000d5980000,0x00000000d5980000,0x00000000d5a80000)
 ParOldGen       total 667648K, used 667437K [0x0000000080000000, 0x00000000a8c00000, 0x00000000d5580000)
  object space 667648K, 99% used [0x0000000080000000,0x00000000a8bcb5d8,0x00000000a8c00000)
 Metaspace       used 79014K, committed 80640K, reserved 1179648K
  class space    used 7859K, committed 8640K, reserved 1048576K
}
Event: 5637.042 GC heap before
{Heap before GC invocations=1073 (full 4):
 PSYoungGen      total 5120K, used 5024K [0x00000000d5580000, 0x00000000d5b80000, 0x0000000100000000)
  eden space 4096K, 100% used [0x00000000d5580000,0x00000000d5980000,0x00000000d5980000)
  from space 1024K, 90% used [0x00000000d5a80000,0x00000000d5b68000,0x00000000d5b80000)
  to   space 1024K, 0% used [0x00000000d5980000,0x00000000d5980000,0x00000000d5a80000)
 ParOldGen       total 667648K, used 667437K [0x0000000080000000, 0x00000000a8c00000, 0x00000000d5580000)
  object space 667648K, 99% used [0x0000000080000000,0x00000000a8bcb5d8,0x00000000a8c00000)
 Metaspace       used 79017K, committed 80640K, reserved 1179648K
  class space    used 7859K, committed 8640K, reserved 1048576K
}
Event: 5637.049 GC heap after
{Heap after GC invocations=1073 (full 4):
 PSYoungGen      total 5120K, used 938K [0x00000000d5580000, 0x00000000d5b80000, 0x0000000100000000)
  eden space 4096K, 0% used [0x00000000d5580000,0x00000000d5580000,0x00000000d5980000)
  from space 1024K, 91% used [0x00000000d5980000,0x00000000d5a6a930,0x00000000d5a80000)
  to   space 1024K, 0% used [0x00000000d5a80000,0x00000000d5a80000,0x00000000d5b80000)
 ParOldGen       total 668672K, used 668225K [0x0000000080000000, 0x00000000a8d00000, 0x00000000d5580000)
  object space 668672K, 99% used [0x0000000080000000,0x00000000a8c904d8,0x00000000a8d00000)
 Metaspace       used 79017K, committed 80640K, reserved 1179648K
  class space    used 7859K, committed 8640K, reserved 1048576K
}
Event: 5637.125 GC heap before
{Heap before GC invocations=1074 (full 4):
 PSYoungGen      total 5120K, used 5034K [0x00000000d5580000, 0x00000000d5b80000, 0x0000000100000000)
  eden space 4096K, 100% used [0x00000000d5580000,0x00000000d5980000,0x00000000d5980000)
  from space 1024K, 91% used [0x00000000d5980000,0x00000000d5a6a930,0x00000000d5a80000)
  to   space 1024K, 0% used [0x00000000d5a80000,0x00000000d5a80000,0x00000000d5b80000)
 ParOldGen       total 668672K, used 668225K [0x0000000080000000, 0x00000000a8d00000, 0x00000000d5580000)
  object space 668672K, 99% used [0x0000000080000000,0x00000000a8c904d8,0x00000000a8d00000)
 Metaspace       used 79021K, committed 80640K, reserved 1179648K
  class space    used 7859K, committed 8640K, reserved 1048576K
}
Event: 5637.133 GC heap after
{Heap after GC invocations=1074 (full 4):
 PSYoungGen      total 5120K, used 378K [0x00000000d5580000, 0x00000000d5b80000, 0x0000000100000000)
  eden space 4096K, 0% used [0x00000000d5580000,0x00000000d5580000,0x00000000d5980000)
  from space 1024K, 36% used [0x00000000d5a80000,0x00000000d5ade900,0x00000000d5b80000)
  to   space 1024K, 0% used [0x00000000d5980000,0x00000000d5980000,0x00000000d5a80000)
 ParOldGen       total 668672K, used 668377K [0x0000000080000000, 0x00000000a8d00000, 0x00000000d5580000)
  object space 668672K, 99% used [0x0000000080000000,0x00000000a8cb64f8,0x00000000a8d00000)
 Metaspace       used 79021K, committed 80640K, reserved 1179648K
  class space    used 7859K, committed 8640K, reserved 1048576K
}
Event: 5637.180 GC heap before
{Heap before GC invocations=1075 (full 4):
 PSYoungGen      total 5120K, used 4474K [0x00000000d5580000, 0x00000000d5b80000, 0x0000000100000000)
  eden space 4096K, 100% used [0x00000000d5580000,0x00000000d5980000,0x00000000d5980000)
  from space 1024K, 36% used [0x00000000d5a80000,0x00000000d5ade900,0x00000000d5b80000)
  to   space 1024K, 0% used [0x00000000d5980000,0x00000000d5980000,0x00000000d5a80000)
 ParOldGen       total 668672K, used 668377K [0x0000000080000000, 0x00000000a8d00000, 0x00000000d5580000)
  object space 668672K, 99% used [0x0000000080000000,0x00000000a8cb64f8,0x00000000a8d00000)
 Metaspace       used 79021K, committed 80640K, reserved 1179648K
  class space    used 7859K, committed 8640K, reserved 1048576K
}
Event: 5637.186 GC heap after
{Heap after GC invocations=1075 (full 4):
 PSYoungGen      total 5120K, used 752K [0x00000000d5580000, 0x00000000d5b80000, 0x0000000100000000)
  eden space 4096K, 0% used [0x00000000d5580000,0x00000000d5580000,0x00000000d5980000)
  from space 1024K, 73% used [0x00000000d5980000,0x00000000d5a3c010,0x00000000d5a80000)
  to   space 1024K, 0% used [0x00000000d5a80000,0x00000000d5a80000,0x00000000d5b80000)
 ParOldGen       total 668672K, used 668485K [0x0000000080000000, 0x00000000a8d00000, 0x00000000d5580000)
  object space 668672K, 99% used [0x0000000080000000,0x00000000a8cd16f8,0x00000000a8d00000)
 Metaspace       used 79021K, committed 80640K, reserved 1179648K
  class space    used 7859K, committed 8640K, reserved 1048576K
}

Dll operation events (10 events):
Event: 0.030 Loaded shared library c:\Users\dinhl\.vscode\extensions\redhat.java-1.53.0-win32-x64\jre\21.0.10-win32-x86_64\bin\java.dll
Event: 0.267 Loaded shared library c:\Users\dinhl\.vscode\extensions\redhat.java-1.53.0-win32-x64\jre\21.0.10-win32-x86_64\bin\zip.dll
Event: 0.324 Loaded shared library C:\Users\dinhl\.vscode\extensions\redhat.java-1.53.0-win32-x64\jre\21.0.10-win32-x86_64\bin\instrument.dll
Event: 0.340 Loaded shared library C:\Users\dinhl\.vscode\extensions\redhat.java-1.53.0-win32-x64\jre\21.0.10-win32-x86_64\bin\net.dll
Event: 0.349 Loaded shared library C:\Users\dinhl\.vscode\extensions\redhat.java-1.53.0-win32-x64\jre\21.0.10-win32-x86_64\bin\nio.dll
Event: 0.360 Loaded shared library C:\Users\dinhl\.vscode\extensions\redhat.java-1.53.0-win32-x64\jre\21.0.10-win32-x86_64\bin\zip.dll
Event: 0.441 Loaded shared library C:\Users\dinhl\.vscode\extensions\redhat.java-1.53.0-win32-x64\jre\21.0.10-win32-x86_64\bin\jimage.dll
Event: 0.778 Loaded shared library c:\Users\dinhl\.vscode\extensions\redhat.java-1.53.0-win32-x64\jre\21.0.10-win32-x86_64\bin\verify.dll
Event: 15.534 Loaded shared library C:\Users\dinhl\AppData\Roaming\Code\User\globalStorage\redhat.java\1.53.0\config_win\org.eclipse.equinox.launcher\org.eclipse.equinox.launcher.win32.win32.x86_64_1.3.0.v20260203-2149\eclipse_11919.dll
Event: 31.779 Loaded shared library C:\Users\dinhl\AppData\Local\Temp\jna-95589197\jna2315835283861979439.dll

Deoptimization events (20 events):
Event: 4769.635 Thread 0x00000201f8930a20 DEOPT PACKING pc=0x00000201d81eb588 sp=0x0000005bcf9fe8a0
Event: 4769.635 Thread 0x00000201f8930a20 DEOPT UNPACKING pc=0x00000201d6d93aa2 sp=0x0000005bcf9fe850 mode 2
Event: 4769.655 Thread 0x00000201f8930a20 Uncommon trap: trap_request=0xffffffde fr.pc=0x00000201d807ac70 relative=0x00000000000005b0
Event: 4769.655 Thread 0x00000201f8930a20 Uncommon trap: reason=class_check action=maybe_recompile pc=0x00000201d807ac70 method=java.io.InputStream.read([BII)I @ 15 c2
Event: 4769.655 Thread 0x00000201f8930a20 DEOPT PACKING pc=0x00000201d807ac70 sp=0x0000005bcf9fec40
Event: 4769.655 Thread 0x00000201f8930a20 DEOPT UNPACKING pc=0x00000201d6d93aa2 sp=0x0000005bcf9febc8 mode 2
Event: 4769.656 Thread 0x00000201f8930a20 Uncommon trap: trap_request=0xffffffc6 fr.pc=0x00000201d7d8f4b8 relative=0x0000000000005838
Event: 4769.656 Thread 0x00000201f8930a20 Uncommon trap: reason=bimorphic_or_optimized_type_check action=maybe_recompile pc=0x00000201d7d8f4b8 method=java.util.Properties.load0(Ljava/util/Properties$LineReader;)V @ 241 c2
Event: 4769.657 Thread 0x00000201f8930a20 DEOPT PACKING pc=0x00000201d7d8f4b8 sp=0x0000005bcf9fed80
Event: 4769.657 Thread 0x00000201f8930a20 DEOPT UNPACKING pc=0x00000201d6d93aa2 sp=0x0000005bcf9fedb0 mode 2
Event: 4769.657 Thread 0x00000201f8930a20 Uncommon trap: trap_request=0xffffffde fr.pc=0x00000201d807ac70 relative=0x00000000000005b0
Event: 4769.657 Thread 0x00000201f8930a20 Uncommon trap: reason=class_check action=maybe_recompile pc=0x00000201d807ac70 method=java.io.InputStream.read([BII)I @ 15 c2
Event: 4769.657 Thread 0x00000201f8930a20 DEOPT PACKING pc=0x00000201d807ac70 sp=0x0000005bcf9fecb0
Event: 4769.657 Thread 0x00000201f8930a20 DEOPT UNPACKING pc=0x00000201d6d93aa2 sp=0x0000005bcf9fec38 mode 2
Event: 4769.670 Thread 0x00000201f8930a20 Uncommon trap: trap_request=0xffffff45 fr.pc=0x00000201d7af0eb8 relative=0x00000000000005f8
Event: 4769.670 Thread 0x00000201f8930a20 Uncommon trap: reason=unstable_if action=reinterpret pc=0x00000201d7af0eb8 method=java.util.ImmutableCollections$AbstractImmutableList.equals(Ljava/lang/Object;)Z @ 2 c2
Event: 4769.671 Thread 0x00000201f8930a20 DEOPT PACKING pc=0x00000201d7af0eb8 sp=0x0000005bcf9fe910
Event: 4769.671 Thread 0x00000201f8930a20 DEOPT UNPACKING pc=0x00000201d6d93aa2 sp=0x0000005bcf9fe8b0 mode 2
Event: 4769.914 Thread 0x00000201ed3c1180 DEOPT PACKING pc=0x00000201d20a9189 sp=0x0000005bcadfe580
Event: 4769.914 Thread 0x00000201ed3c1180 DEOPT UNPACKING pc=0x00000201d6d94242 sp=0x0000005bcadfda78 mode 0

Classes loaded (20 events):
Event: 4767.716 Loading class java/util/stream/Nodes$CollectorTask$OfRef
Event: 4767.724 Loading class java/util/stream/Nodes$CollectorTask
Event: 4767.736 Loading class java/util/stream/Nodes$CollectorTask done
Event: 4767.736 Loading class java/util/stream/Nodes$CollectorTask$OfRef done
Event: 4768.115 Loading class java/util/function/LongFunction
Event: 4768.117 Loading class java/util/function/LongFunction done
Event: 4768.121 Loading class java/util/stream/Nodes$ConcNode
Event: 4768.126 Loading class java/util/stream/Nodes$AbstractConcNode
Event: 4768.129 Loading class java/util/stream/Nodes$AbstractConcNode done
Event: 4768.130 Loading class java/util/stream/Nodes$ConcNode done
Event: 4768.476 Loading class java/util/stream/Nodes$ToArrayTask$OfRef
Event: 4768.486 Loading class java/util/stream/Nodes$ToArrayTask
Event: 4768.494 Loading class java/util/stream/Nodes$ToArrayTask done
Event: 4768.494 Loading class java/util/stream/Nodes$ToArrayTask$OfRef done
Event: 4768.580 Loading class java/io/ObjectOutputStream$BlockDataOutputStream
Event: 4768.594 Loading class java/io/ObjectOutputStream$BlockDataOutputStream done
Event: 4768.595 Loading class java/io/ObjectOutputStream$HandleTable
Event: 4768.607 Loading class java/io/ObjectOutputStream$HandleTable done
Event: 4768.610 Loading class java/io/ObjectOutputStream$ReplaceTable
Event: 4768.620 Loading class java/io/ObjectOutputStream$ReplaceTable done

Classes unloaded (20 events):
Event: 4504.757 Thread 0x00000201cc7a09d0 Unloading class 0x0000020181018800 'java/lang/invoke/LambdaForm$MH+0x0000020181018800'
Event: 4504.757 Thread 0x00000201cc7a09d0 Unloading class 0x0000020181014800 'java/lang/invoke/LambdaForm$MH+0x0000020181014800'
Event: 4504.757 Thread 0x00000201cc7a09d0 Unloading class 0x000002018100d800 'java/lang/invoke/LambdaForm$MH+0x000002018100d800'
Event: 4504.757 Thread 0x00000201cc7a09d0 Unloading class 0x000002018100d400 'java/lang/invoke/LambdaForm$MH+0x000002018100d400'
Event: 4504.757 Thread 0x00000201cc7a09d0 Unloading class 0x000002018100d000 'java/lang/invoke/LambdaForm$MH+0x000002018100d000'
Event: 4504.757 Thread 0x00000201cc7a09d0 Unloading class 0x000002018100cc00 'java/lang/invoke/LambdaForm$MH+0x000002018100cc00'
Event: 4504.757 Thread 0x00000201cc7a09d0 Unloading class 0x000002018100c800 'java/lang/invoke/LambdaForm$BMH+0x000002018100c800'
Event: 4504.757 Thread 0x00000201cc7a09d0 Unloading class 0x000002018100c000 'java/lang/invoke/LambdaForm$DMH+0x000002018100c000'
Event: 4504.757 Thread 0x00000201cc7a09d0 Unloading class 0x0000020181008c00 'java/lang/invoke/LambdaForm$MH+0x0000020181008c00'
Event: 4504.757 Thread 0x00000201cc7a09d0 Unloading class 0x0000020181008800 'java/lang/invoke/LambdaForm$MH+0x0000020181008800'
Event: 4504.757 Thread 0x00000201cc7a09d0 Unloading class 0x0000020181008400 'java/lang/invoke/LambdaForm$MH+0x0000020181008400'
Event: 4504.757 Thread 0x00000201cc7a09d0 Unloading class 0x0000020181007000 'java/lang/invoke/LambdaForm$MH+0x0000020181007000'
Event: 4504.757 Thread 0x00000201cc7a09d0 Unloading class 0x0000020181006800 'java/lang/invoke/LambdaForm$MH+0x0000020181006800'
Event: 4504.758 Thread 0x00000201cc7a09d0 Unloading class 0x0000020181006400 'java/lang/invoke/LambdaForm$MH+0x0000020181006400'
Event: 4504.758 Thread 0x00000201cc7a09d0 Unloading class 0x0000020181006000 'java/lang/invoke/LambdaForm$MH+0x0000020181006000'
Event: 4504.758 Thread 0x00000201cc7a09d0 Unloading class 0x0000020181005c00 'java/lang/invoke/LambdaForm$BMH+0x0000020181005c00'
Event: 4504.758 Thread 0x00000201cc7a09d0 Unloading class 0x0000020181004800 'java/lang/invoke/LambdaForm$DMH+0x0000020181004800'
Event: 4504.758 Thread 0x00000201cc7a09d0 Unloading class 0x0000020181002400 'java/lang/invoke/LambdaForm$MH+0x0000020181002400'
Event: 4504.758 Thread 0x00000201cc7a09d0 Unloading class 0x0000020181002000 'java/lang/invoke/LambdaForm$MH+0x0000020181002000'
Event: 4504.758 Thread 0x00000201cc7a09d0 Unloading class 0x0000020181001800 'java/lang/invoke/LambdaForm$MH+0x0000020181001800'

Classes redefined (0 events):
No events

Internal exceptions (20 events):
Event: 4675.221 Thread 0x00000201f892a120 Exception <a 'java/lang/ArrayIndexOutOfBoundsException'{0x00000000d612c620}> (0x00000000d612c620) 
thrown [s\src\hotspot\share\runtime\sharedRuntime.cpp, line 625]
Event: 4676.895 Thread 0x00000201ed317470 Exception <a 'java/lang/ArrayIndexOutOfBoundsException'{0x00000000d57e3c60}> (0x00000000d57e3c60) 
thrown [s\src\hotspot\share\runtime\sharedRuntime.cpp, line 625]
Event: 4680.692 Thread 0x00000201ea426700 Exception <a 'sun/nio/fs/WindowsException'{0x00000000d5a0e0e0}> (0x00000000d5a0e0e0) 
thrown [s\src\hotspot\share\prims\jni.cpp, line 520]
Event: 4684.352 Thread 0x00000201ea426700 Exception <a 'sun/nio/fs/WindowsException'{0x00000000d5776780}> (0x00000000d5776780) 
thrown [s\src\hotspot\share\prims\jni.cpp, line 520]
Event: 4768.324 Thread 0x00000201f8930a20 Exception <a 'sun/nio/fs/WindowsException'{0x00000000d56fae78}> (0x00000000d56fae78) 
thrown [s\src\hotspot\share\prims\jni.cpp, line 520]
Event: 4768.328 Thread 0x00000201f8930a20 Exception <a 'sun/nio/fs/WindowsException'{0x00000000d56fb6e8}> (0x00000000d56fb6e8) 
thrown [s\src\hotspot\share\prims\jni.cpp, line 520]
Event: 4768.337 Thread 0x00000201f8930a20 Implicit null exception at 0x00000201d7833986 to 0x00000201d7833d0c
Event: 4768.341 Thread 0x00000201f8930a20 Exception <a 'sun/nio/fs/WindowsException'{0x00000000d56fd0f0}> (0x00000000d56fd0f0) 
thrown [s\src\hotspot\share\prims\jni.cpp, line 520]
Event: 4768.341 Thread 0x00000201f8930a20 Exception <a 'sun/nio/fs/WindowsException'{0x00000000d56fd960}> (0x00000000d56fd960) 
thrown [s\src\hotspot\share\prims\jni.cpp, line 520]
Event: 4768.346 Thread 0x00000201f8930a20 Exception <a 'sun/nio/fs/WindowsException'{0x00000000d56ff0e0}> (0x00000000d56ff0e0) 
thrown [s\src\hotspot\share\prims\jni.cpp, line 520]
Event: 4768.346 Thread 0x00000201f8930a20 Exception <a 'sun/nio/fs/WindowsException'{0x00000000d56ff950}> (0x00000000d56ff950) 
thrown [s\src\hotspot\share\prims\jni.cpp, line 520]
Event: 4768.374 Thread 0x00000201f8930a20 Exception <a 'sun/nio/fs/WindowsException'{0x00000000d5709718}> (0x00000000d5709718) 
thrown [s\src\hotspot\share\prims\jni.cpp, line 520]
Event: 4768.374 Thread 0x00000201f8930a20 Exception <a 'sun/nio/fs/WindowsException'{0x00000000d570a1d0}> (0x00000000d570a1d0) 
thrown [s\src\hotspot\share\prims\jni.cpp, line 520]
Event: 4768.382 Thread 0x00000201f8930a20 Exception <a 'sun/nio/fs/WindowsException'{0x00000000d570d4f0}> (0x00000000d570d4f0) 
thrown [s\src\hotspot\share\prims\jni.cpp, line 520]
Event: 4768.383 Thread 0x00000201f8930a20 Exception <a 'sun/nio/fs/WindowsException'{0x00000000d570dd60}> (0x00000000d570dd60) 
thrown [s\src\hotspot\share\prims\jni.cpp, line 520]
Event: 4769.141 Thread 0x00000201f8930a20 Exception <a 'java/lang/NoSuchMethodError'{0x00000000d592c200}: static Lorg/eclipse/m2e/core/internal/lifecyclemapping/model/PluginExecutionMetadata;.<clinit>()V> (0x00000000d592c200) 
thrown [s\src\hotspot\share\prims\jni.cpp, line 1111]
Event: 4769.170 Thread 0x00000201f8930a20 Exception <a 'java/lang/NoSuchMethodError'{0x00000000d5950fe8}: static Lorg/eclipse/m2e/core/internal/lifecyclemapping/model/PluginExecutionFilter;.<clinit>()V> (0x00000000d5950fe8) 
thrown [s\src\hotspot\share\prims\jni.cpp, line 1111]
Event: 4769.177 Thread 0x00000201f8930a20 Exception <a 'java/lang/NoSuchMethodError'{0x00000000d596a0f8}: static Lorg/eclipse/m2e/core/internal/project/registry/MavenProjectFacade$MavenProjectConfiguration;.<clinit>()V> (0x00000000d596a0f8) 
thrown [s\src\hotspot\share\prims\jni.cpp, line 1111]
Event: 4769.447 Thread 0x00000201f8930a20 Exception <a 'java/lang/NoSuchMethodError'{0x00000000d55875b8}: static [J.<clinit>()V> (0x00000000d55875b8) 
thrown [s\src\hotspot\share\prims\jni.cpp, line 1111]
Event: 4769.580 Thread 0x00000201f8930a20 Exception <a 'java/lang/NoSuchMethodError'{0x00000000d55f1020}: 'java.lang.Object java.lang.invoke.DirectMethodHandle$Holder.newInvokeSpecial(java.lang.Object, java.lang.Object, java.lang.Object, java.lang.Object, java.lang.Object, java.lang.Object, java.lang.Object, java.lang.Object)'> (0x00000000d55f1020) 
thrown [s\src\hotspot\share\interpreter\linkResolver.cpp, line 773]

ZGC Phase Switch (0 events):
No events

VM Operations (20 events):
Event: 11425.895 Executing non-safepoint VM operation: HandshakeAllThreads (HandshakeForDeflation)
Event: 11425.896 Executing non-safepoint VM operation: HandshakeAllThreads (HandshakeForDeflation) done
Event: 11425.896 Executing non-safepoint VM operation: RendezvousGCThreads
Event: 11425.896 Executing non-safepoint VM operation: RendezvousGCThreads done
Event: 11485.906 Executing non-safepoint VM operation: HandshakeAllThreads (HandshakeForDeflation)
Event: 11485.906 Executing non-safepoint VM operation: HandshakeAllThreads (HandshakeForDeflation) done
Event: 11485.906 Executing non-safepoint VM operation: RendezvousGCThreads
Event: 11485.906 Executing non-safepoint VM operation: RendezvousGCThreads done
Event: 11546.085 Executing non-safepoint VM operation: HandshakeAllThreads (HandshakeForDeflation)
Event: 11546.085 Executing non-safepoint VM operation: HandshakeAllThreads (HandshakeForDeflation) done
Event: 11546.085 Executing non-safepoint VM operation: RendezvousGCThreads
Event: 11546.085 Executing non-safepoint VM operation: RendezvousGCThreads done
Event: 11666.400 Executing non-safepoint VM operation: HandshakeAllThreads (HandshakeForDeflation)
Event: 11666.400 Executing non-safepoint VM operation: HandshakeAllThreads (HandshakeForDeflation) done
Event: 11666.401 Executing non-safepoint VM operation: RendezvousGCThreads
Event: 11666.401 Executing non-safepoint VM operation: RendezvousGCThreads done
Event: 11726.425 Executing non-safepoint VM operation: HandshakeAllThreads (HandshakeForDeflation)
Event: 11726.425 Executing non-safepoint VM operation: HandshakeAllThreads (HandshakeForDeflation) done
Event: 11726.425 Executing non-safepoint VM operation: RendezvousGCThreads
Event: 11726.425 Executing non-safepoint VM operation: RendezvousGCThreads done

Memory protections (0 events):
No events

Nmethod flushes (20 events):
Event: 4505.568 Thread 0x00000201cc7a09d0 flushing osr nmethod 0x00000201d0c1c990
Event: 4505.568 Thread 0x00000201cc7a09d0 flushing  nmethod 0x00000201d0c2cb10
Event: 4505.568 Thread 0x00000201cc7a09d0 flushing osr nmethod 0x00000201d0c2d090
Event: 4505.568 Thread 0x00000201cc7a09d0 flushing  nmethod 0x00000201d0c5a710
Event: 4505.568 Thread 0x00000201cc7a09d0 flushing  nmethod 0x00000201d0c76290
Event: 4505.568 Thread 0x00000201cc7a09d0 flushing  nmethod 0x00000201d0cac810
Event: 4505.568 Thread 0x00000201cc7a09d0 flushing  nmethod 0x00000201d0cea990
Event: 4505.568 Thread 0x00000201cc7a09d0 flushing  nmethod 0x00000201d0d07d90
Event: 4505.569 Thread 0x00000201cc7a09d0 flushing osr nmethod 0x00000201d0d31f10
Event: 4505.569 Thread 0x00000201cc7a09d0 flushing  nmethod 0x00000201d0db0c10
Event: 4505.570 Thread 0x00000201cc7a09d0 flushing  nmethod 0x00000201d0dba110
Event: 4505.570 Thread 0x00000201cc7a09d0 flushing  nmethod 0x00000201d0dc2710
Event: 4505.570 Thread 0x00000201cc7a09d0 flushing  nmethod 0x00000201d0dc5f10
Event: 4505.570 Thread 0x00000201cc7a09d0 flushing  nmethod 0x00000201d0dc7390
Event: 4505.570 Thread 0x00000201cc7a09d0 flushing  nmethod 0x00000201d0dc8890
Event: 4505.570 Thread 0x00000201cc7a09d0 flushing  nmethod 0x00000201d0dc8f10
Event: 4505.570 Thread 0x00000201cc7a09d0 flushing  nmethod 0x00000201d0dc9990
Event: 4505.570 Thread 0x00000201cc7a09d0 flushing  nmethod 0x00000201d0f01710
Event: 4505.570 Thread 0x00000201cc7a09d0 flushing  nmethod 0x00000201d12b6110
Event: 4505.570 Thread 0x00000201cc7a09d0 flushing  nmethod 0x00000201d12c2110

Events (20 events):
Event: 5124.150 Thread 0x00000201f892a120 Thread exited: 0x00000201f892a120
Event: 5184.167 Thread 0x00000201ed317b00 Thread exited: 0x00000201ed317b00
Event: 5244.176 Thread 0x00000201ed318eb0 Thread exited: 0x00000201ed318eb0
Event: 5304.181 Thread 0x00000201ea426d90 Thread exited: 0x00000201ea426d90
Event: 5628.175 Thread 0x00000201eb68ef60 Thread added: 0x00000201ed3c1810
Event: 5628.373 Thread 0x00000201ed3c1810 Thread added: 0x00000201ed3c3250
Event: 5628.385 Thread 0x00000201eb68ef60 Thread added: 0x00000201ed3c1ea0
Event: 5628.391 Thread 0x00000201eb68ef60 Thread added: 0x00000201ed3c4c90
Event: 5628.400 Thread 0x00000201eb68ef60 Thread added: 0x00000201ed3c5320
Event: 5634.720 Thread 0x00000201f8930a20 Thread added: 0x00000201ed3bf740
Event: 5634.753 Thread 0x00000201f8930a20 Thread added: 0x00000201ed3be390
Event: 5634.773 Thread 0x00000201ed3bf740 Thread added: 0x00000201ed3c0460
Event: 5694.930 Thread 0x00000201ed3be390 Thread exited: 0x00000201ed3be390
Event: 5694.933 Thread 0x00000201ed3c1180 Thread exited: 0x00000201ed3c1180
Event: 5694.934 Thread 0x00000201f8930a20 Thread exited: 0x00000201f8930a20
Event: 5707.134 Thread 0x00000201ed3c1ea0 Thread exited: 0x00000201ed3c1ea0
Event: 5767.135 Thread 0x00000201ed3c5320 Thread exited: 0x00000201ed3c5320
Event: 5827.160 Thread 0x00000201ed3c4c90 Thread exited: 0x00000201ed3c4c90
Event: 5887.160 Thread 0x00000201ed3c3250 Thread exited: 0x00000201ed3c3250
Event: 5947.181 Thread 0x00000201ed3c1810 Thread exited: 0x00000201ed3c1810


Dynamic libraries:
0x00007ff7895a0000 - 0x00007ff7895ae000 	c:\Users\dinhl\.vscode\extensions\redhat.java-1.53.0-win32-x64\jre\21.0.10-win32-x86_64\bin\java.exe
0x00007ffe13010000 - 0x00007ffe13208000 	C:\WINDOWS\SYSTEM32\ntdll.dll
0x00007ffe11720000 - 0x00007ffe117e2000 	C:\WINDOWS\System32\KERNEL32.DLL
0x00007ffe106a0000 - 0x00007ffe10996000 	C:\WINDOWS\System32\KERNELBASE.dll
0x00007ffe10c50000 - 0x00007ffe10d50000 	C:\WINDOWS\System32\ucrtbase.dll
0x00007ffe01df0000 - 0x00007ffe01e0e000 	c:\Users\dinhl\.vscode\extensions\redhat.java-1.53.0-win32-x64\jre\21.0.10-win32-x86_64\bin\VCRUNTIME140.dll
0x00007ffe06410000 - 0x00007ffe06428000 	c:\Users\dinhl\.vscode\extensions\redhat.java-1.53.0-win32-x64\jre\21.0.10-win32-x86_64\bin\jli.dll
0x00007ffe11dd0000 - 0x00007ffe11f71000 	C:\WINDOWS\System32\USER32.dll
0x00007ffdfbfa0000 - 0x00007ffdfc23b000 	C:\WINDOWS\WinSxS\amd64_microsoft.windows.common-controls_6595b64144ccf1df_6.0.19041.6456_none_60b8a6cb71f64256\COMCTL32.dll
0x00007ffe10d50000 - 0x00007ffe10d72000 	C:\WINDOWS\System32\win32u.dll
0x00007ffe117f0000 - 0x00007ffe1188e000 	C:\WINDOWS\System32\msvcrt.dll
0x00007ffe111c0000 - 0x00007ffe111eb000 	C:\WINDOWS\System32\GDI32.dll
0x00007ffe10f10000 - 0x00007ffe11029000 	C:\WINDOWS\System32\gdi32full.dll
0x00007ffe10bb0000 - 0x00007ffe10c4d000 	C:\WINDOWS\System32\msvcp_win.dll
0x00007ffe11890000 - 0x00007ffe118bf000 	C:\WINDOWS\System32\IMM32.DLL
0x00007ffe0a3f0000 - 0x00007ffe0a3fc000 	c:\Users\dinhl\.vscode\extensions\redhat.java-1.53.0-win32-x64\jre\21.0.10-win32-x86_64\bin\vcruntime140_1.dll
0x00007ffdf6db0000 - 0x00007ffdf6e3d000 	c:\Users\dinhl\.vscode\extensions\redhat.java-1.53.0-win32-x64\jre\21.0.10-win32-x86_64\bin\msvcp140.dll
0x00007ffdb0130000 - 0x00007ffdb0ed1000 	c:\Users\dinhl\.vscode\extensions\redhat.java-1.53.0-win32-x64\jre\21.0.10-win32-x86_64\bin\server\jvm.dll
0x00007ffe111f0000 - 0x00007ffe112a1000 	C:\WINDOWS\System32\ADVAPI32.dll
0x00007ffe11040000 - 0x00007ffe110df000 	C:\WINDOWS\System32\sechost.dll
0x00007ffe121c0000 - 0x00007ffe122e0000 	C:\WINDOWS\System32\RPCRT4.dll
0x00007ffe10b00000 - 0x00007ffe10b27000 	C:\WINDOWS\System32\bcrypt.dll
0x00007ffe12e60000 - 0x00007ffe12ecb000 	C:\WINDOWS\System32\WS2_32.dll
0x00007ffe10450000 - 0x00007ffe1049b000 	C:\WINDOWS\SYSTEM32\POWRPROF.dll
0x00007ffe080f0000 - 0x00007ffe080fa000 	C:\WINDOWS\SYSTEM32\VERSION.dll
0x00007ffe0e1a0000 - 0x00007ffe0e1c7000 	C:\WINDOWS\SYSTEM32\WINMM.dll
0x00007ffe10430000 - 0x00007ffe10442000 	C:\WINDOWS\SYSTEM32\UMPDC.dll
0x00007ffe0e6b0000 - 0x00007ffe0e6c2000 	C:\WINDOWS\SYSTEM32\kernel.appcore.dll
0x00007ffe01de0000 - 0x00007ffe01dea000 	c:\Users\dinhl\.vscode\extensions\redhat.java-1.53.0-win32-x64\jre\21.0.10-win32-x86_64\bin\jimage.dll
0x00007ffe0df90000 - 0x00007ffe0e191000 	C:\WINDOWS\SYSTEM32\DBGHELP.DLL
0x00007ffe0df50000 - 0x00007ffe0df84000 	C:\WINDOWS\SYSTEM32\dbgcore.DLL
0x00007ffe10d80000 - 0x00007ffe10e02000 	C:\WINDOWS\System32\bcryptPrimitives.dll
0x00007ffe017f0000 - 0x00007ffe017ff000 	c:\Users\dinhl\.vscode\extensions\redhat.java-1.53.0-win32-x64\jre\21.0.10-win32-x86_64\bin\instrument.dll
0x00007ffe01740000 - 0x00007ffe01760000 	c:\Users\dinhl\.vscode\extensions\redhat.java-1.53.0-win32-x64\jre\21.0.10-win32-x86_64\bin\java.dll
0x00007ffe126f0000 - 0x00007ffe12e60000 	C:\WINDOWS\System32\SHELL32.dll
0x00007ffe0e6d0000 - 0x00007ffe0ee75000 	C:\WINDOWS\SYSTEM32\windows.storage.dll
0x00007ffe12390000 - 0x00007ffe126e4000 	C:\WINDOWS\System32\combase.dll
0x00007ffe10060000 - 0x00007ffe1008b000 	C:\WINDOWS\SYSTEM32\Wldp.dll
0x00007ffe12ed0000 - 0x00007ffe12f9d000 	C:\WINDOWS\System32\OLEAUT32.dll
0x00007ffe122e0000 - 0x00007ffe1238d000 	C:\WINDOWS\System32\SHCORE.dll
0x00007ffe12100000 - 0x00007ffe1215b000 	C:\WINDOWS\System32\shlwapi.dll
0x00007ffe105d0000 - 0x00007ffe105f4000 	C:\WINDOWS\SYSTEM32\profapi.dll
0x00007ffe01720000 - 0x00007ffe01738000 	c:\Users\dinhl\.vscode\extensions\redhat.java-1.53.0-win32-x64\jre\21.0.10-win32-x86_64\bin\zip.dll
0x00007ffe017e0000 - 0x00007ffe017f0000 	C:\Users\dinhl\.vscode\extensions\redhat.java-1.53.0-win32-x64\jre\21.0.10-win32-x86_64\bin\net.dll
0x00007ffe08970000 - 0x00007ffe08a7a000 	C:\WINDOWS\SYSTEM32\WINHTTP.dll
0x00007ffe0fd30000 - 0x00007ffe0fd9a000 	C:\WINDOWS\system32\mswsock.dll
0x00007ffe015f0000 - 0x00007ffe01606000 	C:\Users\dinhl\.vscode\extensions\redhat.java-1.53.0-win32-x64\jre\21.0.10-win32-x86_64\bin\nio.dll
0x00007ffe015e0000 - 0x00007ffe015f0000 	c:\Users\dinhl\.vscode\extensions\redhat.java-1.53.0-win32-x64\jre\21.0.10-win32-x86_64\bin\verify.dll
0x00007ffdf6ea0000 - 0x00007ffdf6ee5000 	C:\Users\dinhl\AppData\Roaming\Code\User\globalStorage\redhat.java\1.53.0\config_win\org.eclipse.equinox.launcher\org.eclipse.equinox.launcher.win32.win32.x86_64_1.3.0.v20260203-2149\eclipse_11919.dll
0x00007ffe11ca0000 - 0x00007ffe11dcb000 	C:\WINDOWS\System32\ole32.dll
0x00007ffe0ff50000 - 0x00007ffe0ff68000 	C:\WINDOWS\SYSTEM32\CRYPTSP.dll
0x00007ffe0f630000 - 0x00007ffe0f668000 	C:\WINDOWS\system32\rsaenh.dll
0x00007ffe10590000 - 0x00007ffe105be000 	C:\WINDOWS\SYSTEM32\USERENV.dll
0x00007ffe0ff40000 - 0x00007ffe0ff4c000 	C:\WINDOWS\SYSTEM32\CRYPTBASE.dll
0x00007ffe0fa00000 - 0x00007ffe0fa3b000 	C:\WINDOWS\SYSTEM32\IPHLPAPI.DLL
0x00007ffe12fc0000 - 0x00007ffe12fc8000 	C:\WINDOWS\System32\NSI.dll
0x00007ffdf6cc0000 - 0x00007ffdf6d09000 	C:\Users\dinhl\AppData\Local\Temp\jna-95589197\jna2315835283861979439.dll
0x00007ffe11030000 - 0x00007ffe11038000 	C:\WINDOWS\System32\PSAPI.DLL
0x00007ffe07360000 - 0x00007ffe07377000 	C:\WINDOWS\SYSTEM32\dhcpcsvc6.DLL
0x00007ffe08120000 - 0x00007ffe0813d000 	C:\WINDOWS\SYSTEM32\dhcpcsvc.DLL

JVMTI agents:
c:\Users\dinhl\.vscode\extensions\redhat.java-1.53.0-win32-x64\lombok\lombok-1.18.39-4050.jar path:c:\Users\dinhl\.vscode\extensions\redhat.java-1.53.0-win32-x64\jre\21.0.10-win32-x86_64\bin\instrument.dll, loaded, initialized, instrumentlib options:none

dbghelp: loaded successfully - version: 4.0.5 - missing functions: none
symbol engine: initialized successfully - sym options: 0x614 - pdb path: .;c:\Users\dinhl\.vscode\extensions\redhat.java-1.53.0-win32-x64\jre\21.0.10-win32-x86_64\bin;C:\WINDOWS\SYSTEM32;C:\WINDOWS\WinSxS\amd64_microsoft.windows.common-controls_6595b64144ccf1df_6.0.19041.6456_none_60b8a6cb71f64256;c:\Users\dinhl\.vscode\extensions\redhat.java-1.53.0-win32-x64\jre\21.0.10-win32-x86_64\bin\server;C:\Users\dinhl\AppData\Roaming\Code\User\globalStorage\redhat.java\1.53.0\config_win\org.eclipse.equinox.launcher\org.eclipse.equinox.launcher.win32.win32.x86_64_1.3.0.v20260203-2149;C:\Users\dinhl\AppData\Local\Temp\jna-95589197

VM Arguments:
jvm_args: --add-modules=ALL-SYSTEM --add-opens=java.base/java.util=ALL-UNNAMED --add-opens=java.base/java.lang=ALL-UNNAMED --add-opens=java.base/sun.nio.fs=ALL-UNNAMED -Declipse.application=org.eclipse.jdt.ls.core.id1 -Dosgi.bundles.defaultStartLevel=4 -Declipse.product=org.eclipse.jdt.ls.core.product -Djava.import.generatesMetadataFilesAtProjectRoot=false -DDetectVMInstallationsJob.disabled=true -Dfile.encoding=utf8 -XX:+UseParallelGC -XX:GCTimeRatio=4 -XX:AdaptiveSizePolicyWeight=90 -Dsun.zip.disableMemoryMapping=true -Xmx2G -Xms100m -Xlog:disable -javaagent:c:\Users\dinhl\.vscode\extensions\redhat.java-1.53.0-win32-x64\lombok\lombok-1.18.39-4050.jar -XX:+HeapDumpOnOutOfMemoryError -XX:HeapDumpPath=c:\Users\dinhl\AppData\Roaming\Code\User\workspaceStorage\52f2aa45679ab40b707067a322ce5f6c\redhat.java -Daether.dependencyCollector.impl=bf 
java_command: c:\Users\dinhl\.vscode\extensions\redhat.java-1.53.0-win32-x64\server\plugins\org.eclipse.equinox.launcher_1.7.100.v20251111-0406.jar -configuration c:\Users\dinhl\AppData\Roaming\Code\User\globalStorage\redhat.java\1.53.0\config_win -data c:\Users\dinhl\AppData\Roaming\Code\User\workspaceStorage\52f2aa45679ab40b707067a322ce5f6c\redhat.java\jdt_ws --pipe=\\.\pipe\lsp-14d3f1b295fbaf22b6c27b07b1cfd530-sock
java_class_path (initial): c:\Users\dinhl\.vscode\extensions\redhat.java-1.53.0-win32-x64\server\plugins\org.eclipse.equinox.launcher_1.7.100.v20251111-0406.jar
Launcher Type: SUN_STANDARD

[Global flags]
    uintx AdaptiveSizePolicyWeight                 = 90                                        {product} {command line}
     intx CICompilerCount                          = 12                                        {product} {ergonomic}
    uintx GCTimeRatio                              = 4                                         {product} {command line}
     bool HeapDumpOnOutOfMemoryError               = true                                   {manageable} {command line}
    ccstr HeapDumpPath                             = c:\Users\dinhl\AppData\Roaming\Code\User\workspaceStorage\52f2aa45679ab40b707067a322ce5f6c\redhat.java         {manageable} {command line}
   size_t InitialHeapSize                          = 104857600                                 {product} {command line}
   size_t MaxHeapSize                              = 2147483648                                {product} {command line}
   size_t MaxNewSize                               = 715653120                                 {product} {ergonomic}
   size_t MinHeapDeltaBytes                        = 524288                                    {product} {ergonomic}
   size_t MinHeapSize                              = 104857600                                 {product} {command line}
   size_t NewSize                                  = 34603008                                  {product} {ergonomic}
    uintx NonNMethodCodeHeapSize                   = 7602480                                {pd product} {ergonomic}
    uintx NonProfiledCodeHeapSize                  = 122027880                              {pd product} {ergonomic}
   size_t OldSize                                  = 70254592                                  {product} {ergonomic}
    uintx ProfiledCodeHeapSize                     = 122027880                              {pd product} {ergonomic}
    uintx ReservedCodeCacheSize                    = 251658240                              {pd product} {ergonomic}
     bool SegmentedCodeCache                       = true                                      {product} {ergonomic}
   size_t SoftMaxHeapSize                          = 2147483648                             {manageable} {ergonomic}
     bool UseCompressedOops                        = true                           {product lp64_product} {ergonomic}
     bool UseLargePagesIndividualAllocation        = false                                  {pd product} {ergonomic}
     bool UseParallelGC                            = true                                      {product} {command line}

Logging:
Log output configuration:
 #0: stdout all=off uptime,level,tags foldmultilines=false
 #1: stderr all=off uptime,level,tags foldmultilines=false

Release file:
JAVA_VERSION="21.0.10" 
MODULES="java.base java.compiler java.datatransfer java.xml java.prefs java.desktop java.instrument java.logging java.management java.security.sasl java.naming java.rmi java.management.rmi java.net.http java.scripting java.security.jgss java.transaction.xa java.sql java.sql.rowset java.xml.crypto java.se java.smartcardio jdk.accessibility jdk.internal.jvmstat jdk.attach jdk.charsets jdk.internal.opt jdk.zipfs jdk.compiler jdk.crypto.ec jdk.crypto.cryptoki jdk.crypto.mscapi jdk.dynalink jdk.internal.ed jdk.editpad jdk.hotspot.agent jdk.httpserver jdk.internal.le jdk.internal.vm.ci jdk.internal.vm.compiler jdk.internal.vm.compiler.management jdk.jartool jdk.javadoc jdk.jcmd jdk.management jdk.management.agent jdk.jconsole jdk.jdeps jdk.jdwp.agent jdk.jdi jdk.jfr jdk.jshell jdk.jsobject jdk.jstatd jdk.localedata jdk.management.jfr jdk.naming.dns jdk.naming.rmi jdk.net jdk.nio.mapmode jdk.random jdk.sctp jdk.security.auth jdk.security.jgss jdk.unsupported jdk.unsupported.desktop jdk.xml.dom" 

Environment Variables:
JAVA_HOME=C:\graalvm-jdk-21.0.10+8.1
PATH=C:\Users\dinhl\AppData\Local\Programs\Microsoft VS Code;C:\Python314\Scripts\;C:\Python314\;C:\WINDOWS\system32;C:\WINDOWS;C:\WINDOWS\System32\Wbem;C:\WINDOWS\System32\WindowsPowerShell\v1.0\;C:\WINDOWS\System32\OpenSSH\;C:\graalvm-jdk-21.0.10+8.1\bin;D:\nodejs\;C:\ProgramData\chocolatey\bin;C:\Program Files\Cloudflare\Cloudflare WARP\;D:\Git\cmd;C:\Program Files\Go\bin;C:\Program Files\dotnet\;C:\Program Files\Docker\Docker\resources\bin;C:\apache-maven-3.9.14\bin;c:\Users\dinhl\AppData\Local\Programs\cursor\resources\app\codeBin;D:\Eclipse Adoptium\jdk-25.0.1.8-hotspot\bin;C:\Users\dinhl\AppData\Local\Microsoft\WindowsApps;C:\Users\dinhl\AppData\Roaming\npm;C:\Users\dinhl\go\bin;C:\Users\dinhl\AppData\Local\Programs\Microsoft VS Code\bin;C:\Users\dinhl\.dotnet\tools;C:\Users\dinhl\AppData\Local\PowerToys\DSCModules\;C:\kafka\bin\windows;C:\Users\dinhl\AppData\Local\Programs\cursor\resources\app\bin
USERNAME=dinhl
OS=Windows_NT
PROCESSOR_IDENTIFIER=AMD64 Family 23 Model 104 Stepping 1, AuthenticAMD
TMP=C:\Users\dinhl\AppData\Local\Temp
TEMP=C:\Users\dinhl\AppData\Local\Temp




Periodic native trim disabled

---------------  S Y S T E M  ---------------

OS:
 Windows 10 , 64 bit Build 19041 (10.0.19041.5915)
OS uptime: 0 days 6:31 hours
Hyper-V role detected

CPU: total 16 (initial active 16) (16 cores per cpu, 2 threads per core) family 23 model 104 stepping 1 microcode 0x0, cx8, cmov, fxsr, ht, mmx, 3dnowpref, sse, sse2, sse3, ssse3, sse4a, sse4.1, sse4.2, popcnt, lzcnt, tsc, tscinvbit, avx, avx2, aes, clmul, bmi1, bmi2, adx, sha, fma, vzeroupper, clflush, clflushopt, hv, rdtscp, rdpid, f16c
Processor Information for the first 16 processors :
  Max Mhz: 1801, Current Mhz: 1801, Mhz Limit: 1801

Memory: 4k page, system-wide physical 5966M (168M free)
TotalPageFile size 24398M (AvailPageFile size 106M)
current process WorkingSet (physical memory assigned to process): 15M, peak: 805M
current process commit charge ("private bytes"): 1021M, peak: 1039M

vm_info: OpenJDK 64-Bit Server VM (21.0.10+7-LTS) for windows-amd64 JRE (21.0.10+7-LTS), built on 2026-01-20T00:00:00Z by "admin" with MS VC++ 17.12 (VS2022)

END.
